// Jest Snapshot v1, https://goo.gl/fbAQLP

exports[`Date snapshot renders with date 1`] = `
<p
  className="jsx-2000534688"
>
  <svg
    aria-hidden="true"
    className="jsx-2000534688 icon"
    fill="#000000"
    height="25"
    viewBox="0 0 256 256"
    width="25"
    xmlns="http://www.w3.org/2000/svg"
  >
    <rect
      className="jsx-2000534688"
      fill="none"
      height="256"
      width="256"
    />
    <rect
      className="jsx-2000534688"
      fill="none"
      height="176"
      rx="8"
      stroke="#000000"
      strokeLinecap="round"
      strokeLinejoin="round"
      strokeWidth="16"
      width="176"
      x="40"
      y="40"
    />
    <line
      className="jsx-2000534688"
      fill="none"
      stroke="#000000"
      strokeLinecap="round"
      strokeLinejoin="round"
      strokeWidth="16"
      x1="176"
      x2="176"
      y1="24"
      y2="56"
    />
    <line
      className="jsx-2000534688"
      fill="none"
      stroke="#000000"
      strokeLinecap="round"
      strokeLinejoin="round"
      strokeWidth="16"
      x1="80"
      x2="80"
      y1="24"
      y2="56"
    />
    <line
      className="jsx-2000534688"
      fill="none"
      stroke="#000000"
      strokeLinecap="round"
      strokeLinejoin="round"
      strokeWidth="16"
      x1="40"
      x2="216"
      y1="88"
      y2="88"
    />
  </svg>
  <time
    className="jsx-2000534688"
    dateTime="2017-02-07T00:00:00.000Z"
  >
    2017-02-07
  </time>
</p>
`;
