// Jest Snapshot v1, https://goo.gl/fbAQLP

exports[`locale and content language are equal renders links to 2 alternate contents 1`] = `null`;

exports[`locale and content language are equal renders links to alternate content 1`] = `null`;

exports[`locale and content language are not equal render warning and links to 1 alternate content 1`] = `null`;

exports[`locale and content language are not equal render warning and links to 2 alternate contents 1`] = `null`;

exports[`locale and content language are not equal render warning without alternate content 1`] = `null`;

exports[`locale and content language are not equal render with a wrapper 1`] = `null`;
